Archive member included because of file (symbol)

/usr/lib/gcc/avr/4.8.1/../../../avr/lib/avr6/libprintf_min.a(vfprintf_min.o)
                              (vfprintf)
/usr/lib/gcc/avr/4.8.1/../../../avr/lib/avr6/libscanf_min.a(vfscanf_min.o)
                              (vfscanf)
/usr/lib/gcc/avr/4.8.1/avr6/libgcc.a(_exit.o)
                              /usr/lib/gcc/avr/4.8.1/../../../avr/lib/avr6/crtm2560.o (exit)
/usr/lib/gcc/avr/4.8.1/avr6/libgcc.a(_clear_bss.o)
                              shared.o (__do_clear_bss)
/usr/lib/gcc/avr/4.8.1/../../../avr/lib/avr6/libc.a(isspace.o)
                              /usr/lib/gcc/avr/4.8.1/../../../avr/lib/avr6/libscanf_min.a(vfscanf_min.o) (isspace)
/usr/lib/gcc/avr/4.8.1/../../../avr/lib/avr6/libc.a(strchr_P.o)
                              /usr/lib/gcc/avr/4.8.1/../../../avr/lib/avr6/libprintf_min.a(vfprintf_min.o) (strchr_P)
/usr/lib/gcc/avr/4.8.1/../../../avr/lib/avr6/libc.a(fgetc.o)
                              /usr/lib/gcc/avr/4.8.1/../../../avr/lib/avr6/libscanf_min.a(vfscanf_min.o) (fgetc)
/usr/lib/gcc/avr/4.8.1/../../../avr/lib/avr6/libc.a(fputc.o)
                              /usr/lib/gcc/avr/4.8.1/../../../avr/lib/avr6/libprintf_min.a(vfprintf_min.o) (fputc)
/usr/lib/gcc/avr/4.8.1/../../../avr/lib/avr6/libc.a(ungetc.o)
                              /usr/lib/gcc/avr/4.8.1/../../../avr/lib/avr6/libscanf_min.a(vfscanf_min.o) (ungetc)
/usr/lib/gcc/avr/4.8.1/../../../avr/lib/avr6/libc.a(ultoa_invert.o)
                              /usr/lib/gcc/avr/4.8.1/../../../avr/lib/avr6/libprintf_min.a(vfprintf_min.o) (__ultoa_invert)
/usr/lib/gcc/avr/4.8.1/../../../avr/lib/avr6/libc.a(cty_isfalse.o)
                              /usr/lib/gcc/avr/4.8.1/../../../avr/lib/avr6/libc.a(isspace.o) (__ctype_isfalse)

Allocating common symbols
Common symbol       size              file

CurrentP            0x2               shared.o

Memory Configuration

Name             Origin             Length             Attributes
text             0x0000000000000000 0x0000000000100000 xr
data             0x0000000000800200 0x000000000000fe00 rw !x
eeprom           0x0000000000810000 0x0000000000010000 rw !x
fuse             0x0000000000820000 0x0000000000000400 rw !x
lock             0x0000000000830000 0x0000000000000400 rw !x
signature        0x0000000000840000 0x0000000000000400 rw !x
user_signatures  0x0000000000850000 0x0000000000000400 rw !x
*default*        0x0000000000000000 0xffffffffffffffff

Linker script and memory map

Address of section .data set to 0x800200
LOAD /usr/lib/gcc/avr/4.8.1/../../../avr/lib/avr6/crtm2560.o
LOAD shared.o
LOAD cswitch.o
LOAD /usr/lib/gcc/avr/4.8.1/../../../avr/lib/avr6/libprintf_min.a
LOAD /usr/lib/gcc/avr/4.8.1/../../../avr/lib/avr6/libscanf_min.a
LOAD /usr/lib/gcc/avr/4.8.1/../../../avr/lib/avr6/libm.a
START GROUP
LOAD /usr/lib/gcc/avr/4.8.1/avr6/libgcc.a
LOAD /usr/lib/gcc/avr/4.8.1/../../../avr/lib/avr6/libm.a
LOAD /usr/lib/gcc/avr/4.8.1/../../../avr/lib/avr6/libc.a
END GROUP

.hash
 *(.hash)

.dynsym
 *(.dynsym)

.dynstr
 *(.dynstr)

.gnu.version
 *(.gnu.version)

.gnu.version_d
 *(.gnu.version_d)

.gnu.version_r
 *(.gnu.version_r)

.rel.init
 *(.rel.init)

.rela.init
 *(.rela.init)

.rel.text
 *(.rel.text)
 *(.rel.text.*)
 *(.rel.gnu.linkonce.t*)

.rela.text
 *(.rela.text)
 *(.rela.text.*)
 *(.rela.gnu.linkonce.t*)

.rel.fini
 *(.rel.fini)

.rela.fini
 *(.rela.fini)

.rel.rodata
 *(.rel.rodata)
 *(.rel.rodata.*)
 *(.rel.gnu.linkonce.r*)

.rela.rodata
 *(.rela.rodata)
 *(.rela.rodata.*)
 *(.rela.gnu.linkonce.r*)

.rel.data
 *(.rel.data)
 *(.rel.data.*)
 *(.rel.gnu.linkonce.d*)

.rela.data
 *(.rela.data)
 *(.rela.data.*)
 *(.rela.gnu.linkonce.d*)

.rel.ctors
 *(.rel.ctors)

.rela.ctors
 *(.rela.ctors)

.rel.dtors
 *(.rel.dtors)

.rela.dtors
 *(.rela.dtors)

.rel.got
 *(.rel.got)

.rela.got
 *(.rela.got)

.rel.bss
 *(.rel.bss)

.rela.bss
 *(.rela.bss)

.rel.plt
 *(.rel.plt)

.rela.plt
 *(.rela.plt)

.text           0x0000000000000000      0xdd6
 *(.vectors)
 .vectors       0x0000000000000000       0xe4 /usr/lib/gcc/avr/4.8.1/../../../avr/lib/avr6/crtm2560.o
                0x0000000000000000                __vectors
                0x0000000000000000                __vector_default
 *(.vectors)
 *(.progmem.gcc*)
                0x00000000000000e4                . = ALIGN (0x2)
                0x00000000000000e4                __trampolines_start = .
 *(.trampolines)
 .trampolines   0x00000000000000e4        0xc linker stubs
 *(.trampolines*)
                0x00000000000000f0                __trampolines_end = .
 *(.progmem*)
 .progmem.data  0x00000000000000f0       0x17 /usr/lib/gcc/avr/4.8.1/../../../avr/lib/avr6/libprintf_min.a(vfprintf_min.o)
 .progmem.data  0x0000000000000107        0xb /usr/lib/gcc/avr/4.8.1/../../../avr/lib/avr6/libscanf_min.a(vfscanf_min.o)
                0x0000000000000112                . = ALIGN (0x2)
 *(.jumptables)
 *(.jumptables*)
 *(.lowtext)
 *(.lowtext*)
                0x0000000000000112                __ctors_start = .
 *(.ctors)
                0x0000000000000112                __ctors_end = .
                0x0000000000000112                __dtors_start = .
 *(.dtors)
                0x0000000000000112                __dtors_end = .
 SORT(*)(.ctors)
 SORT(*)(.dtors)
 *(.init0)
 .init0         0x0000000000000112        0x0 /usr/lib/gcc/avr/4.8.1/../../../avr/lib/avr6/crtm2560.o
                0x0000000000000112                __init
 *(.init0)
 *(.init1)
 *(.init1)
 *(.init2)
 .init2         0x0000000000000112       0x10 /usr/lib/gcc/avr/4.8.1/../../../avr/lib/avr6/crtm2560.o
 *(.init2)
 *(.init3)
 *(.init3)
 *(.init4)
 .init4         0x0000000000000122       0x10 /usr/lib/gcc/avr/4.8.1/avr6/libgcc.a(_clear_bss.o)
                0x0000000000000122                __do_clear_bss
 *(.init4)
 *(.init5)
 *(.init5)
 *(.init6)
 *(.init6)
 *(.init7)
 *(.init7)
 *(.init8)
 *(.init8)
 *(.init9)
 .init9         0x0000000000000132        0x8 /usr/lib/gcc/avr/4.8.1/../../../avr/lib/avr6/crtm2560.o
 *(.init9)
 *(.text)
 .text          0x000000000000013a        0x4 /usr/lib/gcc/avr/4.8.1/../../../avr/lib/avr6/crtm2560.o
                0x000000000000013a                __vector_38
                0x000000000000013a                __vector_22
                0x000000000000013a                __vector_28
                0x000000000000013a                __vector_1
                0x000000000000013a                __vector_32
                0x000000000000013a                __vector_34
                0x000000000000013a                __vector_24
                0x000000000000013a                __vector_12
                0x000000000000013a                __vector_55
                0x000000000000013a                __vector_46
                0x000000000000013a                __bad_interrupt
                0x000000000000013a                __vector_6
                0x000000000000013a                __vector_31
                0x000000000000013a                __vector_35
                0x000000000000013a                __vector_39
                0x000000000000013a                __vector_3
                0x000000000000013a                __vector_23
                0x000000000000013a                __vector_30
                0x000000000000013a                __vector_45
                0x000000000000013a                __vector_25
                0x000000000000013a                __vector_11
                0x000000000000013a                __vector_54
                0x000000000000013a                __vector_13
                0x000000000000013a                __vector_19
                0x000000000000013a                __vector_56
                0x000000000000013a                __vector_7
                0x000000000000013a                __vector_49
                0x000000000000013a                __vector_41
                0x000000000000013a                __vector_43
                0x000000000000013a                __vector_27
                0x000000000000013a                __vector_5
                0x000000000000013a                __vector_33
                0x000000000000013a                __vector_47
                0x000000000000013a                __vector_52
                0x000000000000013a                __vector_37
                0x000000000000013a                __vector_4
                0x000000000000013a                __vector_44
                0x000000000000013a                __vector_51
                0x000000000000013a                __vector_9
                0x000000000000013a                __vector_2
                0x000000000000013a                __vector_21
                0x000000000000013a                __vector_15
                0x000000000000013a                __vector_36
                0x000000000000013a                __vector_29
                0x000000000000013a                __vector_40
                0x000000000000013a                __vector_8
                0x000000000000013a                __vector_26
                0x000000000000013a                __vector_48
                0x000000000000013a                __vector_14
                0x000000000000013a                __vector_53
                0x000000000000013a                __vector_10
                0x000000000000013a                __vector_50
                0x000000000000013a                __vector_16
                0x000000000000013a                __vector_18
                0x000000000000013a                __vector_20
                0x000000000000013a                __vector_42
 .text          0x000000000000013e      0x2e8 shared.o
                0x000000000000013e                Ping
                0x000000000000014c                Pong
                0x000000000000015a                Task_Terminate
                0x000000000000017c                Kernel_Create_Task_At
                0x0000000000000220                signal_start_task
                0x000000000000026e                Dispatch
                0x00000000000002fe                OS_Init
                0x0000000000000340                OS_Start
                0x000000000000036c                Task_Create
                0x0000000000000376                Task_Next
                0x000000000000039e                init_timer
                0x00000000000003d6                __vector_17
 .text          0x0000000000000426       0xc0 cswitch.o
                0x0000000000000426                CSwitch
                0x0000000000000482                Exit_Kernel
 .text          0x00000000000004e6        0x0 /usr/lib/gcc/avr/4.8.1/../../../avr/lib/avr6/libprintf_min.a(vfprintf_min.o)
 .text          0x00000000000004e6        0x0 /usr/lib/gcc/avr/4.8.1/../../../avr/lib/avr6/libscanf_min.a(vfscanf_min.o)
 .text          0x00000000000004e6        0x0 /usr/lib/gcc/avr/4.8.1/avr6/libgcc.a(_exit.o)
 .text          0x00000000000004e6        0x0 /usr/lib/gcc/avr/4.8.1/avr6/libgcc.a(_clear_bss.o)
 .text          0x00000000000004e6        0x0 /usr/lib/gcc/avr/4.8.1/../../../avr/lib/avr6/libc.a(isspace.o)
 .text          0x00000000000004e6        0x0 /usr/lib/gcc/avr/4.8.1/../../../avr/lib/avr6/libc.a(strchr_P.o)
 .text          0x00000000000004e6        0x0 /usr/lib/gcc/avr/4.8.1/../../../avr/lib/avr6/libc.a(fgetc.o)
 .text          0x00000000000004e6        0x0 /usr/lib/gcc/avr/4.8.1/../../../avr/lib/avr6/libc.a(fputc.o)
 .text          0x00000000000004e6        0x0 /usr/lib/gcc/avr/4.8.1/../../../avr/lib/avr6/libc.a(ungetc.o)
 .text          0x00000000000004e6        0x0 /usr/lib/gcc/avr/4.8.1/../../../avr/lib/avr6/libc.a(ultoa_invert.o)
 .text          0x00000000000004e6        0x0 /usr/lib/gcc/avr/4.8.1/../../../avr/lib/avr6/libc.a(cty_isfalse.o)
                0x00000000000004e6                . = ALIGN (0x2)
 *(.text.*)
 .text.startup  0x00000000000004e6       0x58 shared.o
                0x00000000000004e6                main
 .text.avr-libc
                0x000000000000053e      0x29a /usr/lib/gcc/avr/4.8.1/../../../avr/lib/avr6/libprintf_min.a(vfprintf_min.o)
                0x000000000000053e                vfprintf
 .text.avr-libc
                0x00000000000007d8      0x400 /usr/lib/gcc/avr/4.8.1/../../../avr/lib/avr6/libscanf_min.a(vfscanf_min.o)
                0x0000000000000984                vfscanf
 .text.libgcc.mul
                0x0000000000000bd8        0x0 /usr/lib/gcc/avr/4.8.1/avr6/libgcc.a(_exit.o)
 .text.libgcc.div
                0x0000000000000bd8        0x0 /usr/lib/gcc/avr/4.8.1/avr6/libgcc.a(_exit.o)
 .text.libgcc   0x0000000000000bd8        0x0 /usr/lib/gcc/avr/4.8.1/avr6/libgcc.a(_exit.o)
 .text.libgcc.prologue
                0x0000000000000bd8        0x0 /usr/lib/gcc/avr/4.8.1/avr6/libgcc.a(_exit.o)
 .text.libgcc.builtins
                0x0000000000000bd8        0x0 /usr/lib/gcc/avr/4.8.1/avr6/libgcc.a(_exit.o)
 .text.libgcc.fmul
                0x0000000000000bd8        0x0 /usr/lib/gcc/avr/4.8.1/avr6/libgcc.a(_exit.o)
 .text.libgcc.fixed
                0x0000000000000bd8        0x0 /usr/lib/gcc/avr/4.8.1/avr6/libgcc.a(_exit.o)
 .text.libgcc.mul
                0x0000000000000bd8        0x0 /usr/lib/gcc/avr/4.8.1/avr6/libgcc.a(_clear_bss.o)
 .text.libgcc.div
                0x0000000000000bd8        0x0 /usr/lib/gcc/avr/4.8.1/avr6/libgcc.a(_clear_bss.o)
 .text.libgcc   0x0000000000000bd8        0x0 /usr/lib/gcc/avr/4.8.1/avr6/libgcc.a(_clear_bss.o)
 .text.libgcc.prologue
                0x0000000000000bd8        0x0 /usr/lib/gcc/avr/4.8.1/avr6/libgcc.a(_clear_bss.o)
 .text.libgcc.builtins
                0x0000000000000bd8        0x0 /usr/lib/gcc/avr/4.8.1/avr6/libgcc.a(_clear_bss.o)
 .text.libgcc.fmul
                0x0000000000000bd8        0x0 /usr/lib/gcc/avr/4.8.1/avr6/libgcc.a(_clear_bss.o)
 .text.libgcc.fixed
                0x0000000000000bd8        0x0 /usr/lib/gcc/avr/4.8.1/avr6/libgcc.a(_clear_bss.o)
 .text.avr-libc
                0x0000000000000bd8       0x10 /usr/lib/gcc/avr/4.8.1/../../../avr/lib/avr6/libc.a(isspace.o)
                0x0000000000000bd8                isspace
 .text.avr-libc
                0x0000000000000be8       0x16 /usr/lib/gcc/avr/4.8.1/../../../avr/lib/avr6/libc.a(strchr_P.o)
                0x0000000000000be8                strchr_P
 .text.avr-libc
                0x0000000000000bfe       0x7c /usr/lib/gcc/avr/4.8.1/../../../avr/lib/avr6/libc.a(fgetc.o)
                0x0000000000000bfe                fgetc
 .text.avr-libc
                0x0000000000000c7a       0x64 /usr/lib/gcc/avr/4.8.1/../../../avr/lib/avr6/libc.a(fputc.o)
                0x0000000000000c7a                fputc
 .text.avr-libc
                0x0000000000000cde       0x32 /usr/lib/gcc/avr/4.8.1/../../../avr/lib/avr6/libc.a(ungetc.o)
                0x0000000000000cde                ungetc
 .text.avr-libc
                0x0000000000000d10       0xbc /usr/lib/gcc/avr/4.8.1/../../../avr/lib/avr6/libc.a(ultoa_invert.o)
                0x0000000000000d10                __ultoa_invert
 .text.avr-libc
                0x0000000000000dcc        0x6 /usr/lib/gcc/avr/4.8.1/../../../avr/lib/avr6/libc.a(cty_isfalse.o)
                0x0000000000000dcc                __ctype_isfalse
                0x0000000000000dd0                __ctype_istrue
                0x0000000000000dd2                . = ALIGN (0x2)
 *(.fini9)
 .fini9         0x0000000000000dd2        0x0 /usr/lib/gcc/avr/4.8.1/avr6/libgcc.a(_exit.o)
                0x0000000000000dd2                exit
                0x0000000000000dd2                _exit
 *(.fini9)
 *(.fini8)
 *(.fini8)
 *(.fini7)
 *(.fini7)
 *(.fini6)
 *(.fini6)
 *(.fini5)
 *(.fini5)
 *(.fini4)
 *(.fini4)
 *(.fini3)
 *(.fini3)
 *(.fini2)
 *(.fini2)
 *(.fini1)
 *(.fini1)
 *(.fini0)
 .fini0         0x0000000000000dd2        0x4 /usr/lib/gcc/avr/4.8.1/avr6/libgcc.a(_exit.o)
 *(.fini0)
                0x0000000000000dd6                _etext = .

.data           0x0000000000800200        0x0 load address 0x0000000000000dd6
                0x0000000000800200                PROVIDE (__data_start, .)
 *(.data)
 .data          0x0000000000800200        0x0 /usr/lib/gcc/avr/4.8.1/../../../avr/lib/avr6/crtm2560.o
 .data          0x0000000000800200        0x0 shared.o
 .data          0x0000000000800200        0x0 cswitch.o
 .data          0x0000000000800200        0x0 /usr/lib/gcc/avr/4.8.1/../../../avr/lib/avr6/libprintf_min.a(vfprintf_min.o)
 .data          0x0000000000800200        0x0 /usr/lib/gcc/avr/4.8.1/../../../avr/lib/avr6/libscanf_min.a(vfscanf_min.o)
 .data          0x0000000000800200        0x0 /usr/lib/gcc/avr/4.8.1/avr6/libgcc.a(_exit.o)
 .data          0x0000000000800200        0x0 /usr/lib/gcc/avr/4.8.1/avr6/libgcc.a(_clear_bss.o)
 .data          0x0000000000800200        0x0 /usr/lib/gcc/avr/4.8.1/../../../avr/lib/avr6/libc.a(isspace.o)
 .data          0x0000000000800200        0x0 /usr/lib/gcc/avr/4.8.1/../../../avr/lib/avr6/libc.a(strchr_P.o)
 .data          0x0000000000800200        0x0 /usr/lib/gcc/avr/4.8.1/../../../avr/lib/avr6/libc.a(fgetc.o)
 .data          0x0000000000800200        0x0 /usr/lib/gcc/avr/4.8.1/../../../avr/lib/avr6/libc.a(fputc.o)
 .data          0x0000000000800200        0x0 /usr/lib/gcc/avr/4.8.1/../../../avr/lib/avr6/libc.a(ungetc.o)
 .data          0x0000000000800200        0x0 /usr/lib/gcc/avr/4.8.1/../../../avr/lib/avr6/libc.a(ultoa_invert.o)
 .data          0x0000000000800200        0x0 /usr/lib/gcc/avr/4.8.1/../../../avr/lib/avr6/libc.a(cty_isfalse.o)
 *(.data*)
 *(.rodata)
 *(.rodata*)
 *(.gnu.linkonce.d*)
                0x0000000000800200                . = ALIGN (0x2)
                0x0000000000800200                _edata = .
                0x0000000000800200                PROVIDE (__data_end, .)

.bss            0x0000000000800200      0x418
                0x0000000000800200                PROVIDE (__bss_start, .)
 *(.bss)
 .bss           0x0000000000800200        0x0 /usr/lib/gcc/avr/4.8.1/../../../avr/lib/avr6/crtm2560.o
 .bss           0x0000000000800200      0x416 shared.o
                0x0000000000800200                elapsed
 .bss           0x0000000000800616        0x0 cswitch.o
 .bss           0x0000000000800616        0x0 /usr/lib/gcc/avr/4.8.1/../../../avr/lib/avr6/libprintf_min.a(vfprintf_min.o)
 .bss           0x0000000000800616        0x0 /usr/lib/gcc/avr/4.8.1/../../../avr/lib/avr6/libscanf_min.a(vfscanf_min.o)
 .bss           0x0000000000800616        0x0 /usr/lib/gcc/avr/4.8.1/avr6/libgcc.a(_exit.o)
 .bss           0x0000000000800616        0x0 /usr/lib/gcc/avr/4.8.1/avr6/libgcc.a(_clear_bss.o)
 .bss           0x0000000000800616        0x0 /usr/lib/gcc/avr/4.8.1/../../../avr/lib/avr6/libc.a(isspace.o)
 .bss           0x0000000000800616        0x0 /usr/lib/gcc/avr/4.8.1/../../../avr/lib/avr6/libc.a(strchr_P.o)
 .bss           0x0000000000800616        0x0 /usr/lib/gcc/avr/4.8.1/../../../avr/lib/avr6/libc.a(fgetc.o)
 .bss           0x0000000000800616        0x0 /usr/lib/gcc/avr/4.8.1/../../../avr/lib/avr6/libc.a(fputc.o)
 .bss           0x0000000000800616        0x0 /usr/lib/gcc/avr/4.8.1/../../../avr/lib/avr6/libc.a(ungetc.o)
 .bss           0x0000000000800616        0x0 /usr/lib/gcc/avr/4.8.1/../../../avr/lib/avr6/libc.a(ultoa_invert.o)
 .bss           0x0000000000800616        0x0 /usr/lib/gcc/avr/4.8.1/../../../avr/lib/avr6/libc.a(cty_isfalse.o)
 *(.bss*)
 *(COMMON)
 COMMON         0x0000000000800616        0x2 shared.o
                0x0000000000800616                CurrentP
                0x0000000000800618                PROVIDE (__bss_end, .)
                0x0000000000000dd6                __data_load_start = LOADADDR (.data)
                0x0000000000000dd6                __data_load_end = (__data_load_start + SIZEOF (.data))

.noinit         0x0000000000800618        0x0
                0x0000000000800618                PROVIDE (__noinit_start, .)
 *(.noinit*)
                0x0000000000800618                PROVIDE (__noinit_end, .)
                0x0000000000800618                _end = .
                0x0000000000800618                PROVIDE (__heap_start, .)

.eeprom         0x0000000000810000        0x0
 *(.eeprom*)
                0x0000000000810000                __eeprom_end = .

.fuse
 *(.fuse)
 *(.lfuse)
 *(.hfuse)
 *(.efuse)

.lock
 *(.lock*)

.signature
 *(.signature*)

.user_signatures
 *(.user_signatures*)

.stab           0x0000000000000000      0x120
 *(.stab)
 .stab          0x0000000000000000      0x120 cswitch.o

.stabstr        0x0000000000000000       0x1b
 *(.stabstr)
 .stabstr       0x0000000000000000       0x1b cswitch.o

.stab.excl
 *(.stab.excl)

.stab.exclstr
 *(.stab.exclstr)

.stab.index
 *(.stab.index)

.stab.indexstr
 *(.stab.indexstr)

.comment        0x0000000000000000       0x11
 *(.comment)
 .comment       0x0000000000000000       0x11 shared.o
                                         0x12 (size before relaxing)
 .comment       0x0000000000000000       0x12 /usr/lib/gcc/avr/4.8.1/../../../avr/lib/avr6/libprintf_min.a(vfprintf_min.o)
 .comment       0x0000000000000000       0x12 /usr/lib/gcc/avr/4.8.1/../../../avr/lib/avr6/libscanf_min.a(vfscanf_min.o)
 .comment       0x0000000000000000       0x12 /usr/lib/gcc/avr/4.8.1/../../../avr/lib/avr6/libc.a(fgetc.o)
 .comment       0x0000000000000000       0x12 /usr/lib/gcc/avr/4.8.1/../../../avr/lib/avr6/libc.a(fputc.o)
 .comment       0x0000000000000000       0x12 /usr/lib/gcc/avr/4.8.1/../../../avr/lib/avr6/libc.a(ungetc.o)

.note.gnu.build-id
 *(.note.gnu.build-id)

.debug
 *(.debug)

.line
 *(.line)

.debug_srcinfo
 *(.debug_srcinfo)

.debug_sfnames
 *(.debug_sfnames)

.debug_aranges  0x0000000000000000       0x28
 *(.debug_aranges)
 .debug_aranges
                0x0000000000000000       0x28 shared.o

.debug_pubnames
 *(.debug_pubnames)

.debug_info     0x0000000000000000      0x4a7
 *(.debug_info .gnu.linkonce.wi.*)
 .debug_info    0x0000000000000000      0x4a7 shared.o

.debug_abbrev   0x0000000000000000      0x2a3
 *(.debug_abbrev)
 .debug_abbrev  0x0000000000000000      0x2a3 shared.o

.debug_line     0x0000000000000000      0x107
 *(.debug_line .debug_line.* .debug_line_end)
 .debug_line    0x0000000000000000      0x107 shared.o

.debug_frame    0x0000000000000000      0x148
 *(.debug_frame)
 .debug_frame   0x0000000000000000      0x148 shared.o

.debug_str      0x0000000000000000      0x241
 *(.debug_str)
 .debug_str     0x0000000000000000      0x241 shared.o
                                        0x275 (size before relaxing)

.debug_loc      0x0000000000000000      0x2b6
 *(.debug_loc)
 .debug_loc     0x0000000000000000      0x2b6 shared.o

.debug_macinfo
 *(.debug_macinfo)

.debug_weaknames
 *(.debug_weaknames)

.debug_funcnames
 *(.debug_funcnames)

.debug_typenames
 *(.debug_typenames)

.debug_varnames
 *(.debug_varnames)

.debug_pubtypes
 *(.debug_pubtypes)

.debug_ranges   0x0000000000000000       0x18
 *(.debug_ranges)
 .debug_ranges  0x0000000000000000       0x18 shared.o

.debug_macro
 *(.debug_macro)
OUTPUT(shared.elf elf32-avr)
LOAD linker stubs

Cross Reference Table

Symbol                                            File
CSwitch                                           cswitch.o
                                                  shared.o
CurrentP                                          shared.o
                                                  cswitch.o
Dispatch                                          shared.o
                                                  cswitch.o
Exit_Kernel                                       cswitch.o
                                                  shared.o
Kernel_Create_Task_At                             shared.o
OS_Init                                           shared.o
OS_Start                                          shared.o
Ping                                              shared.o
Pong                                              shared.o
Task_Create                                       shared.o
Task_Next                                         shared.o
Task_Terminate                                    shared.o
__bad_interrupt                                   /usr/lib/gcc/avr/4.8.1/../../../avr/lib/avr6/crtm2560.o
__bss_end                                         /usr/lib/gcc/avr/4.8.1/avr6/libgcc.a(_clear_bss.o)
__bss_start                                       /usr/lib/gcc/avr/4.8.1/avr6/libgcc.a(_clear_bss.o)
__ctype_isfalse                                   /usr/lib/gcc/avr/4.8.1/../../../avr/lib/avr6/libc.a(cty_isfalse.o)
                                                  /usr/lib/gcc/avr/4.8.1/../../../avr/lib/avr6/libc.a(isspace.o)
__ctype_istrue                                    /usr/lib/gcc/avr/4.8.1/../../../avr/lib/avr6/libc.a(cty_isfalse.o)
__do_clear_bss                                    /usr/lib/gcc/avr/4.8.1/avr6/libgcc.a(_clear_bss.o)
                                                  shared.o
__heap_end                                        /usr/lib/gcc/avr/4.8.1/../../../avr/lib/avr6/crtm2560.o
__init                                            /usr/lib/gcc/avr/4.8.1/../../../avr/lib/avr6/crtm2560.o
__stack                                           /usr/lib/gcc/avr/4.8.1/../../../avr/lib/avr6/crtm2560.o
__ultoa_invert                                    /usr/lib/gcc/avr/4.8.1/../../../avr/lib/avr6/libc.a(ultoa_invert.o)
                                                  /usr/lib/gcc/avr/4.8.1/../../../avr/lib/avr6/libprintf_min.a(vfprintf_min.o)
__vector_1                                        /usr/lib/gcc/avr/4.8.1/../../../avr/lib/avr6/crtm2560.o
__vector_10                                       /usr/lib/gcc/avr/4.8.1/../../../avr/lib/avr6/crtm2560.o
__vector_11                                       /usr/lib/gcc/avr/4.8.1/../../../avr/lib/avr6/crtm2560.o
__vector_12                                       /usr/lib/gcc/avr/4.8.1/../../../avr/lib/avr6/crtm2560.o
__vector_13                                       /usr/lib/gcc/avr/4.8.1/../../../avr/lib/avr6/crtm2560.o
__vector_14                                       /usr/lib/gcc/avr/4.8.1/../../../avr/lib/avr6/crtm2560.o
__vector_15                                       /usr/lib/gcc/avr/4.8.1/../../../avr/lib/avr6/crtm2560.o
__vector_16                                       /usr/lib/gcc/avr/4.8.1/../../../avr/lib/avr6/crtm2560.o
__vector_17                                       shared.o
                                                  /usr/lib/gcc/avr/4.8.1/../../../avr/lib/avr6/crtm2560.o
__vector_18                                       /usr/lib/gcc/avr/4.8.1/../../../avr/lib/avr6/crtm2560.o
__vector_19                                       /usr/lib/gcc/avr/4.8.1/../../../avr/lib/avr6/crtm2560.o
__vector_2                                        /usr/lib/gcc/avr/4.8.1/../../../avr/lib/avr6/crtm2560.o
__vector_20                                       /usr/lib/gcc/avr/4.8.1/../../../avr/lib/avr6/crtm2560.o
__vector_21                                       /usr/lib/gcc/avr/4.8.1/../../../avr/lib/avr6/crtm2560.o
__vector_22                                       /usr/lib/gcc/avr/4.8.1/../../../avr/lib/avr6/crtm2560.o
__vector_23                                       /usr/lib/gcc/avr/4.8.1/../../../avr/lib/avr6/crtm2560.o
__vector_24                                       /usr/lib/gcc/avr/4.8.1/../../../avr/lib/avr6/crtm2560.o
__vector_25                                       /usr/lib/gcc/avr/4.8.1/../../../avr/lib/avr6/crtm2560.o
__vector_26                                       /usr/lib/gcc/avr/4.8.1/../../../avr/lib/avr6/crtm2560.o
__vector_27                                       /usr/lib/gcc/avr/4.8.1/../../../avr/lib/avr6/crtm2560.o
__vector_28                                       /usr/lib/gcc/avr/4.8.1/../../../avr/lib/avr6/crtm2560.o
__vector_29                                       /usr/lib/gcc/avr/4.8.1/../../../avr/lib/avr6/crtm2560.o
__vector_3                                        /usr/lib/gcc/avr/4.8.1/../../../avr/lib/avr6/crtm2560.o
__vector_30                                       /usr/lib/gcc/avr/4.8.1/../../../avr/lib/avr6/crtm2560.o
__vector_31                                       /usr/lib/gcc/avr/4.8.1/../../../avr/lib/avr6/crtm2560.o
__vector_32                                       /usr/lib/gcc/avr/4.8.1/../../../avr/lib/avr6/crtm2560.o
__vector_33                                       /usr/lib/gcc/avr/4.8.1/../../../avr/lib/avr6/crtm2560.o
__vector_34                                       /usr/lib/gcc/avr/4.8.1/../../../avr/lib/avr6/crtm2560.o
__vector_35                                       /usr/lib/gcc/avr/4.8.1/../../../avr/lib/avr6/crtm2560.o
__vector_36                                       /usr/lib/gcc/avr/4.8.1/../../../avr/lib/avr6/crtm2560.o
__vector_37                                       /usr/lib/gcc/avr/4.8.1/../../../avr/lib/avr6/crtm2560.o
__vector_38                                       /usr/lib/gcc/avr/4.8.1/../../../avr/lib/avr6/crtm2560.o
__vector_39                                       /usr/lib/gcc/avr/4.8.1/../../../avr/lib/avr6/crtm2560.o
__vector_4                                        /usr/lib/gcc/avr/4.8.1/../../../avr/lib/avr6/crtm2560.o
__vector_40                                       /usr/lib/gcc/avr/4.8.1/../../../avr/lib/avr6/crtm2560.o
__vector_41                                       /usr/lib/gcc/avr/4.8.1/../../../avr/lib/avr6/crtm2560.o
__vector_42                                       /usr/lib/gcc/avr/4.8.1/../../../avr/lib/avr6/crtm2560.o
__vector_43                                       /usr/lib/gcc/avr/4.8.1/../../../avr/lib/avr6/crtm2560.o
__vector_44                                       /usr/lib/gcc/avr/4.8.1/../../../avr/lib/avr6/crtm2560.o
__vector_45                                       /usr/lib/gcc/avr/4.8.1/../../../avr/lib/avr6/crtm2560.o
__vector_46                                       /usr/lib/gcc/avr/4.8.1/../../../avr/lib/avr6/crtm2560.o
__vector_47                                       /usr/lib/gcc/avr/4.8.1/../../../avr/lib/avr6/crtm2560.o
__vector_48                                       /usr/lib/gcc/avr/4.8.1/../../../avr/lib/avr6/crtm2560.o
__vector_49                                       /usr/lib/gcc/avr/4.8.1/../../../avr/lib/avr6/crtm2560.o
__vector_5                                        /usr/lib/gcc/avr/4.8.1/../../../avr/lib/avr6/crtm2560.o
__vector_50                                       /usr/lib/gcc/avr/4.8.1/../../../avr/lib/avr6/crtm2560.o
__vector_51                                       /usr/lib/gcc/avr/4.8.1/../../../avr/lib/avr6/crtm2560.o
__vector_52                                       /usr/lib/gcc/avr/4.8.1/../../../avr/lib/avr6/crtm2560.o
__vector_53                                       /usr/lib/gcc/avr/4.8.1/../../../avr/lib/avr6/crtm2560.o
__vector_54                                       /usr/lib/gcc/avr/4.8.1/../../../avr/lib/avr6/crtm2560.o
__vector_55                                       /usr/lib/gcc/avr/4.8.1/../../../avr/lib/avr6/crtm2560.o
__vector_56                                       /usr/lib/gcc/avr/4.8.1/../../../avr/lib/avr6/crtm2560.o
__vector_6                                        /usr/lib/gcc/avr/4.8.1/../../../avr/lib/avr6/crtm2560.o
__vector_7                                        /usr/lib/gcc/avr/4.8.1/../../../avr/lib/avr6/crtm2560.o
__vector_8                                        /usr/lib/gcc/avr/4.8.1/../../../avr/lib/avr6/crtm2560.o
__vector_9                                        /usr/lib/gcc/avr/4.8.1/../../../avr/lib/avr6/crtm2560.o
__vector_default                                  /usr/lib/gcc/avr/4.8.1/../../../avr/lib/avr6/crtm2560.o
__vectors                                         /usr/lib/gcc/avr/4.8.1/../../../avr/lib/avr6/crtm2560.o
_exit                                             /usr/lib/gcc/avr/4.8.1/avr6/libgcc.a(_exit.o)
elapsed                                           shared.o
exit                                              /usr/lib/gcc/avr/4.8.1/avr6/libgcc.a(_exit.o)
                                                  /usr/lib/gcc/avr/4.8.1/../../../avr/lib/avr6/crtm2560.o
fgetc                                             /usr/lib/gcc/avr/4.8.1/../../../avr/lib/avr6/libc.a(fgetc.o)
                                                  /usr/lib/gcc/avr/4.8.1/../../../avr/lib/avr6/libscanf_min.a(vfscanf_min.o)
fputc                                             /usr/lib/gcc/avr/4.8.1/../../../avr/lib/avr6/libc.a(fputc.o)
                                                  /usr/lib/gcc/avr/4.8.1/../../../avr/lib/avr6/libprintf_min.a(vfprintf_min.o)
init_timer                                        shared.o
isspace                                           /usr/lib/gcc/avr/4.8.1/../../../avr/lib/avr6/libc.a(isspace.o)
                                                  /usr/lib/gcc/avr/4.8.1/../../../avr/lib/avr6/libscanf_min.a(vfscanf_min.o)
main                                              shared.o
                                                  /usr/lib/gcc/avr/4.8.1/../../../avr/lib/avr6/crtm2560.o
signal_start_task                                 shared.o
strchr_P                                          /usr/lib/gcc/avr/4.8.1/../../../avr/lib/avr6/libc.a(strchr_P.o)
                                                  /usr/lib/gcc/avr/4.8.1/../../../avr/lib/avr6/libscanf_min.a(vfscanf_min.o)
                                                  /usr/lib/gcc/avr/4.8.1/../../../avr/lib/avr6/libprintf_min.a(vfprintf_min.o)
ungetc                                            /usr/lib/gcc/avr/4.8.1/../../../avr/lib/avr6/libc.a(ungetc.o)
                                                  /usr/lib/gcc/avr/4.8.1/../../../avr/lib/avr6/libscanf_min.a(vfscanf_min.o)
vfprintf                                          /usr/lib/gcc/avr/4.8.1/../../../avr/lib/avr6/libprintf_min.a(vfprintf_min.o)
vfscanf                                           /usr/lib/gcc/avr/4.8.1/../../../avr/lib/avr6/libscanf_min.a(vfscanf_min.o)
